Command line invocation:
    /Applications/Xcode.app/Contents/Developer/usr/bin/xcodebuild -scheme OpenSpell -configuration Release -destination platform=macOS,arch=arm64 -derivedDataPath /Users/lvanbeirs/Desktop/spelliovb/.build/xcode -skipMacroValidation -skipPackagePluginValidation build

Resolve Package Graph
2026-10-06 15:16:09.808 xcodebuild[7727:8334277] [MT] IDERunDestination: Supported platforms for the buildables in the current scheme is empty.


Resolved source packages:
  swift-syntax: https://github.com/swiftlang/swift-syntax.git @ 603.0.2
  Jinja: https://github.com/huggingface/swift-jinja.git @ 2.5.1
  swift-crypto: https://github.com/apple/swift-crypto.git @ 4.5.2
  swift-numerics: https://github.com/apple/swift-numerics @ 1.1.1
  swift-transformers: https://github.com/huggingface/swift-transformers @ 1.3.4
  swift-collections: https://github.com/apple/swift-collections.git @ 1.7.1
  yyjson: https://github.com/ibireme/yyjson.git @ 0.12.0
  EventSource: https://github.com/mattt/EventSource.git @ 1.5.1
  OpenSpell: /Users/lvanbeirs/Desktop/spelliovb
  mlx-swift-lm: https://github.com/ml-explore/mlx-swift-lm @ 3.32.3
  swift-asn1: https://github.com/apple/swift-asn1.git @ 1.7.3
  swift-huggingface: https://github.com/huggingface/swift-huggingface.git @ 0.13.0
  mlx-swift: https://github.com/ml-explore/mlx-swift @ 0.32.3

--- xcodebuild: WARNING: Using the first of multiple matching destinations:
{ platform:macOS, arch:arm64, id:00006020-000950EE3AE8C01E, name:My Mac }
{ platform:macOS, arch:arm64, variant:Mac Catalyst, id:00006020-000950EE3AE8C01E, name:My Mac }
{ platform:macOS, arch:arm64, variant:DriverKit, id:00006020-000950EE3AE8C01E, name:My Mac }
{ platform:macOS, arch:arm64, variant:Designed for [iPad,iPhone], id:00006020-000950EE3AE8C01E, name:My Mac }
ComputePackagePrebuildTargetDependencyGraph

Prepare packages

CreateBuildRequest

SendProjectDescription

CreateBuildOperation

ComputeTargetDependencyGraph
note: Building targets in dependency order
note: Target dependency graph (37 targets)
    Target 'OpenSpell-product' in project 'OpenSpell'
        ➜ Explicit dependency on target 'MLXLLM-product' in project 'mlx-swift-lm'
        ➜ Explicit dependency on target 'MLXLMCommon-product' in project 'mlx-swift-lm'
        ➜ Explicit dependency on target 'Tokenizers-product' in project 'swift-transformers'
    Target 'Tokenizers-product' in project 'swift-transformers'
        ➜ Explicit dependency on target 'Tokenizers' in project 'swift-transformers'
        ➜ Explicit dependency on target 'Hub' in project 'swift-transformers'
        ➜ Explicit dependency on target 'Jinja-product' in project 'Jinja'
        ➜ Explicit dependency on target 'HuggingFace-product' in project 'swift-huggingface'
        ➜ Explicit dependency on target 'OrderedCollections-product' in project 'swift-collections'
        ➜ Explicit dependency on target 'Crypto-product' in project 'swift-crypto'
        ➜ Explicit dependency on target 'yyjson-product' in project 'yyjson'
    Target 'Tokenizers' in project 'swift-transformers'
        ➜ Explicit dependency on target 'Hub' in project 'swift-transformers'
        ➜ Explicit dependency on target 'Jinja-product' in project 'Jinja'
        ➜ Explicit dependency on target 'HuggingFace-product' in project 'swift-huggingface'
        ➜ Explicit dependency on target 'OrderedCollections-product' in project 'swift-collections'
        ➜ Explicit dependency on target 'Crypto-product' in project 'swift-crypto'
        ➜ Explicit dependency on target 'yyjson-product' in project 'yyjson'
    Target 'Hub' in project 'swift-transformers'
        ➜ Explicit dependency on target 'swift-transformers_Hub' in project 'swift-transformers'
        ➜ Explicit dependency on target 'Jinja-product' in project 'Jinja'
        ➜ Explicit dependency on target 'HuggingFace-product' in project 'swift-huggingface'
        ➜ Explicit dependency on target 'OrderedCollections-product' in project 'swift-collections'
        ➜ Explicit dependency on target 'Crypto-product' in project 'swift-crypto'
        ➜ Explicit dependency on target 'yyjson-product' in project 'yyjson'
    Target 'yyjson-product' in project 'yyjson'
        ➜ Explicit dependency on target 'yyjson' in project 'yyjson'
    Target 'yyjson' in project 'yyjson' (no dependencies)
    Target 'HuggingFace-product' in project 'swift-huggingface'
        ➜ Explicit dependency on target 'HuggingFace' in project 'swift-huggingface'
        ➜ Explicit dependency on target 'EventSource-product' in project 'EventSource'
        ➜ Explicit dependency on target 'Crypto-product' in project 'swift-crypto'
    Target 'HuggingFace' in project 'swift-huggingface'
        ➜ Explicit dependency on target 'EventSource-product' in project 'EventSource'
        ➜ Explicit dependency on target 'Crypto-product' in project 'swift-crypto'
    Target 'Crypto-product' in project 'swift-crypto'
        ➜ Explicit dependency on target 'Crypto' in project 'swift-crypto'
        ➜ Explicit dependency on target 'swift-crypto_Crypto' in project 'swift-crypto'
    Target 'Crypto' in project 'swift-crypto'
        ➜ Explicit dependency on target 'swift-crypto_Crypto' in project 'swift-crypto'
    Target 'swift-crypto_Crypto' in project 'swift-crypto' (no dependencies)
    Target 'EventSource-product' in project 'EventSource'
        ➜ Explicit dependency on target 'EventSource' in project 'EventSource'
    Target 'EventSource' in project 'EventSource' (no dependencies)
    Target 'Jinja-product' in project 'Jinja'
        ➜ Explicit dependency on target 'Jinja' in project 'Jinja'
        ➜ Explicit dependency on target 'OrderedCollections-product' in project 'swift-collections'
    Target 'Jinja' in project 'Jinja'
        ➜ Explicit dependency on target 'OrderedCollections-product' in project 'swift-collections'
    Target 'OrderedCollections-product' in project 'swift-collections'
        ➜ Explicit dependency on target 'OrderedCollections' in project 'swift-collections'
        ➜ Explicit dependency on target 'InternalCollectionsUtilities' in project 'swift-collections'
    Target 'OrderedCollections' in project 'swift-collections'
        ➜ Explicit dependency on target 'InternalCollectionsUtilities' in project 'swift-collections'
    Target 'InternalCollectionsUtilities' in project 'swift-collections' (no dependencies)
    Target 'swift-transformers_Hub' in project 'swift-transformers' (no dependencies)
    Target 'MLXLMCommon-product' in project 'mlx-swift-lm'
        ➜ Explicit dependency on target 'MLXLMCommon' in project 'mlx-swift-lm'
        ➜ Explicit dependency on target 'MLX-product' in project 'mlx-swift'
        ➜ Explicit dependency on target 'MLXNN-product' in project 'mlx-swift'
        ➜ Explicit dependency on target 'MLXOptimizers-product' in project 'mlx-swift'
    Target 'MLXLLM-product' in project 'mlx-swift-lm'
        ➜ Explicit dependency on target 'MLXLLM' in project 'mlx-swift-lm'
        ➜ Explicit dependency on target 'MLXLMCommon' in project 'mlx-swift-lm'
        ➜ Explicit dependency on target 'MLX-product' in project 'mlx-swift'
        ➜ Explicit dependency on target 'MLXNN-product' in project 'mlx-swift'
        ➜ Explicit dependency on target 'MLXOptimizers-product' in project 'mlx-swift'
    Target 'MLXLLM' in project 'mlx-swift-lm'
        ➜ Explicit dependency on target 'MLXLMCommon' in project 'mlx-swift-lm'
        ➜ Explicit dependency on target 'MLX-product' in project 'mlx-swift'
        ➜ Explicit dependency on target 'MLXNN-product' in project 'mlx-swift'
        ➜ Explicit dependency on target 'MLXOptimizers-product' in project 'mlx-swift'
    Target 'MLXLMCommon' in project 'mlx-swift-lm'
        ➜ Explicit dependency on target 'MLX-product' in project 'mlx-swift'
        ➜ Explicit dependency on target 'MLXNN-product' in project 'mlx-swift'
        ➜ Explicit dependency on target 'MLXOptimizers-product' in project 'mlx-swift'
    Target 'MLXOptimizers-product' in project 'mlx-swift'
        ➜ Explicit dependency on target 'MLXOptimizers' in project 'mlx-swift'
        ➜ Explicit dependency on target 'Cmlx' in project 'mlx-swift'
        ➜ Explicit dependency on target 'cLogSupport' in project 'mlx-swift'
        ➜ Explicit dependency on target 'MLX' in project 'mlx-swift'
        ➜ Explicit dependency on target 'MLXNN' in project 'mlx-swift'
        ➜ Explicit dependency on target 'Numerics-product' in project 'swift-numerics'
    Target 'MLXOptimizers' in project 'mlx-swift'
        ➜ Explicit dependency on target 'Cmlx' in project 'mlx-swift'
        ➜ Explicit dependency on target 'cLogSupport' in project 'mlx-swift'
        ➜ Explicit dependency on target 'MLX' in project 'mlx-swift'
        ➜ Explicit dependency on target 'MLXNN' in project 'mlx-swift'
        ➜ Explicit dependency on target 'Numerics-product' in project 'swift-numerics'
    Target 'MLXNN-product' in project 'mlx-swift'
        ➜ Explicit dependency on target 'MLXNN' in project 'mlx-swift'
        ➜ Explicit dependency on target 'Cmlx' in project 'mlx-swift'
        ➜ Explicit dependency on target 'cLogSupport' in project 'mlx-swift'
        ➜ Explicit dependency on target 'MLX' in project 'mlx-swift'
        ➜ Explicit dependency on target 'Numerics-product' in project 'swift-numerics'
    Target 'MLXNN' in project 'mlx-swift'
        ➜ Explicit dependency on target 'Cmlx' in project 'mlx-swift'
        ➜ Explicit dependency on target 'cLogSupport' in project 'mlx-swift'
        ➜ Explicit dependency on target 'MLX' in project 'mlx-swift'
        ➜ Explicit dependency on target 'Numerics-product' in project 'swift-numerics'
    Target 'MLX-product' in project 'mlx-swift'
        ➜ Explicit dependency on target 'MLX' in project 'mlx-swift'
        ➜ Explicit dependency on target 'Cmlx' in project 'mlx-swift'
        ➜ Explicit dependency on target 'cLogSupport' in project 'mlx-swift'
        ➜ Explicit dependency on target 'Numerics-product' in project 'swift-numerics'
    Target 'MLX' in project 'mlx-swift'
        ➜ Explicit dependency on target 'Cmlx' in project 'mlx-swift'
        ➜ Explicit dependency on target 'cLogSupport' in project 'mlx-swift'
        ➜ Explicit dependency on target 'Numerics-product' in project 'swift-numerics'
    Target 'Numerics-product' in project 'swift-numerics'
        ➜ Explicit dependency on target 'Numerics' in project 'swift-numerics'
        ➜ Explicit dependency on target '_NumericsShims' in project 'swift-numerics'
        ➜ Explicit dependency on target 'RealModule' in project 'swift-numerics'
        ➜ Explicit dependency on target 'ComplexModule' in project 'swift-numerics'
    Target 'Numerics' in project 'swift-numerics'
        ➜ Explicit dependency on target '_NumericsShims' in project 'swift-numerics'
        ➜ Explicit dependency on target 'RealModule' in project 'swift-numerics'
        ➜ Explicit dependency on target 'ComplexModule' in project 'swift-numerics'
    Target 'ComplexModule' in project 'swift-numerics'
        ➜ Explicit dependency on target '_NumericsShims' in project 'swift-numerics'
        ➜ Explicit dependency on target 'RealModule' in project 'swift-numerics'
    Target 'RealModule' in project 'swift-numerics'
        ➜ Explicit dependency on target '_NumericsShims' in project 'swift-numerics'
    Target '_NumericsShims' in project 'swift-numerics' (no dependencies)
    Target 'cLogSupport' in project 'mlx-swift' (no dependencies)
    Target 'Cmlx' in project 'mlx-swift'
        ➜ Explicit dependency on target 'mlx-swift_Cmlx' in project 'mlx-swift'
    Target 'mlx-swift_Cmlx' in project 'mlx-swift' (no dependencies)

GatherProvisioningInputs

CreateBuildDescription

ClangStatCache /Applications/Xcode.app/Contents/Developer/Toolchains/XcodeDefault.xctoolchain/usr/bin/clang-stat-cache /Applications/Xcode.app/Contents/Developer/Platforms/MacOSX.platform/Developer/SDKs/MacOSX27.0.sdk /Users/lvanbeirs/Desktop/spelliovb/.build/xcode/SDKStatCaches.noindex/macosx27.0-26A425-e829b21a6f8c9b70876ba0858053c0447231f6df4def33e022ae2eb8f782df1a.sdkstatcache
    cd /Users/lvanbeirs/Desktop/spelliovb/.swiftpm/xcode
    /Applications/Xcode.app/Contents/Developer/Toolchains/XcodeDefault.xctoolchain/usr/bin/clang-stat-cache /Applications/Xcode.app/Contents/Developer/Platforms/MacOSX.platform/Developer/SDKs/MacOSX27.0.sdk -o /Users/lvanbeirs/Desktop/spelliovb/.build/xcode/SDKStatCaches.noindex/macosx27.0-26A425-e829b21a6f8c9b70876ba0858053c0447231f6df4def33e022ae2eb8f782df1a.sdkstatcache

ProcessInfoPlistFile /Users/lvanbeirs/Desktop/spelliovb/.build/xcode/Build/Products/Release/swift-crypto_Crypto.bundle/Contents/Info.plist /Users/lvanbeirs/Desktop/spelliovb/.build/xcode/Build/Intermediates.noindex/swift-crypto.build/Release/swift-crypto_Crypto-b.build/empty-swift-crypto_Crypto.plist (in target 'swift-crypto_Crypto' from project 'swift-crypto')
    cd /Users/lvanbeirs/Desktop/spelliovb/.build/xcode/SourcePackages/checkouts/swift-crypto
    builtin-infoPlistUtility /Users/lvanbeirs/Desktop/spelliovb/.build/xcode/Build/Intermediates.noindex/swift-crypto.build/Release/swift-crypto_Crypto-b.build/empty-swift-crypto_Crypto.plist -producttype com.apple.product-type.bundle -expandbuildsettings -platform macosx -o /Users/lvanbeirs/Desktop/spelliovb/.build/xcode/Build/Products/Release/swift-crypto_Crypto.bundle/Contents/Info.plist

ProcessInfoPlistFile /Users/lvanbeirs/Desktop/spelliovb/.build/xcode/Build/Products/Release/mlx-swift_Cmlx.bundle/Contents/Info.plist /Users/lvanbeirs/Desktop/spelliovb/.build/xcode/Build/Intermediates.noindex/mlx-swift.build/Release/mlx-swift_Cmlx-b.build/empty-mlx-swift_Cmlx.plist (in target 'mlx-swift_Cmlx' from project 'mlx-swift')
    cd /Users/lvanbeirs/Desktop/spelliovb/.build/xcode/SourcePackages/checkouts/mlx-swift
    builtin-infoPlistUtility /Users/lvanbeirs/Desktop/spelliovb/.build/xcode/Build/Intermediates.noindex/mlx-swift.build/Release/mlx-swift_Cmlx-b.build/empty-mlx-swift_Cmlx.plist -producttype com.apple.product-type.bundle -expandbuildsettings -platform macosx -o /Users/lvanbeirs/Desktop/spelliovb/.build/xcode/Build/Products/Release/mlx-swift_Cmlx.bundle/Contents/Info.plist

ProcessInfoPlistFile /Users/lvanbeirs/Desktop/spelliovb/.build/xcode/Build/Products/Release/swift-transformers_Hub.bundle/Contents/Info.plist /Users/lvanbeirs/Desktop/spelliovb/.build/xcode/Build/Intermediates.noindex/swift-transformers.build/Release/swift-transformers_Hub-b.build/empty-swift-transformers_Hub.plist (in target 'swift-transformers_Hub' from project 'swift-transformers')
    cd /Users/lvanbeirs/Desktop/spelliovb/.build/xcode/SourcePackages/checkouts/swift-transformers
    builtin-infoPlistUtility /Users/lvanbeirs/Desktop/spelliovb/.build/xcode/Build/Intermediates.noindex/swift-transformers.build/Release/swift-transformers_Hub-b.build/empty-swift-transformers_Hub.plist -producttype com.apple.product-type.bundle -expandbuildsettings -platform macosx -o /Users/lvanbeirs/Desktop/spelliovb/.build/xcode/Build/Products/Release/swift-transformers_Hub.bundle/Contents/Info.plist

SwiftDriver OpenSpell normal arm64 com.apple.xcode.tools.swift.compiler (in target 'OpenSpell-product' from project 'OpenSpell')
    cd /Users/lvanbeirs/Desktop/spelliovb/.swiftpm/xcode
    builtin-SwiftDriver -- /Applications/Xcode.app/Contents/Developer/Toolchains/XcodeDefault.xctoolchain/usr/bin/swiftc -module-name OpenSpell -O -whole-module-optimization @/Users/lvanbeirs/Desktop/spelliovb/.build/xcode/Build/Intermediates.noindex/OpenSpell.build/Release/OpenSpell-p.build/Objects-normal/arm64/OpenSpell.SwiftFileList -DSWIFT_PACKAGE -Xcc -fmodule-map-file\=/Users/lvanbeirs/Desktop/spelliovb/.build/xcode/SourcePackages/checkouts/swift-numerics/Sources/_NumericsShims/include/module.modulemap -Xcc -fmodule-map-file\=/Users/lvanbeirs/Desktop/spelliovb/.build/xcode/Build/Intermediates.noindex/GeneratedModuleMaps/cLogSupport.modulemap -Xcc -fmodule-map-file\=/Users/lvanbeirs/Desktop/spelliovb/.build/xcode/SourcePackages/checkouts/mlx-swift/Source/Cmlx/include/module.modulemap -Xcc -fmodule-map-file\=/Users/lvanbeirs/Desktop/spelliovb/.build/xcode/Build/Intermediates.noindex/GeneratedModuleMaps/yyjson.modulemap -DXcode -plugin-path /Applications/Xcode.app/Contents/Developer/Toolchains/XcodeDefault.xctoolchain/usr/lib/swift/host/plugins/testing -enable-experimental-feature DebugDescriptionMacro -sdk /Applications/Xcode.app/Contents/Developer/Platforms/MacOSX.platform/Developer/SDKs/MacOSX27.0.sdk -target arm64-apple-macos15.0 -g -module-cache-path /Users/lvanbeirs/Desktop/spelliovb/.build/xcode/ModuleCache.noindex -Xfrontend -serialize-debugging-options -swift-version 5 -I /Users/lvanbeirs/Desktop/spelliovb/.build/xcode/Build/Products/Release -Isystem /Applications/Xcode.app/Contents/Developer/Platforms/MacOSX.platform/Developer/usr/lib -F /Users/lvanbeirs/Desktop/spelliovb/.build/xcode/Build/Products/Release/PackageFrameworks -F /Users/lvanbeirs/Desktop/spelliovb/.build/xcode/Build/Products/Release -F /Applications/Xcode.app/Contents/Developer/Platforms/MacOSX.platform/Developer/Library/Frameworks -c -num-threads 12 -Xcc -ivfsstatcache -Xcc /Users/lvanbeirs/Desktop/spelliovb/.build/xcode/SDKStatCaches.noindex/macosx27.0-26A425-e829b21a6f8c9b70876ba0858053c0447231f6df4def33e022ae2eb8f782df1a.sdkstatcache -output-file-map /Users/lvanbeirs/Desktop/spelliovb/.build/xcode/Build/Intermediates.noindex/OpenSpell.build/Release/OpenSpell-p.build/Objects-normal/arm64/OpenSpell-OutputFileMap.json -save-temps -no-color-diagnostics -explicit-module-build -module-cache-path /Users/lvanbeirs/Desktop/spelliovb/.build/xcode/Build/Intermediates.noindex/SwiftExplicitPrecompiledModules -clang-scanner-module-cache-path /Users/lvanbeirs/Desktop/spelliovb/.build/xcode/ModuleCache.noindex -sdk-module-cache-path /Users/lvanbeirs/Desktop/spelliovb/.build/xcode/SDKExplicitPrecompiledModules -emit-dependencies -emit-module -emit-module-path /Users/lvanbeirs/Desktop/spelliovb/.build/xcode/Build/Intermediates.noindex/OpenSpell.build/Release/OpenSpell-p.build/Objects-normal/arm64/OpenSpell.swiftmodule -serialize-diagnostics -dependency-scan-serialize-diagnostics-path /Users/lvanbeirs/Desktop/spelliovb/.build/xcode/Build/Intermediates.noindex/OpenSpell.build/Release/OpenSpell-p.build/Objects-normal/arm64/OpenSpell-dependency-scan.dia -validate-clang-modules-once -clang-build-session-file /Users/lvanbeirs/Desktop/spelliovb/.build/xcode/ModuleCache.noindex/Session.modulevalidation -Xcc -fmodules-prune-interval\=86400 -Xcc -fmodules-prune-after\=345600 -package-name spelliovb -emit-const-values -const-gather-protocols-list /Users/lvanbeirs/Desktop/spelliovb/.build/xcode/Build/Intermediates.noindex/OpenSpell.build/Release/OpenSpell-p.build/Objects-normal/arm64/OpenSpell_const_extract_protocols.json -Xcc -I/Users/lvanbeirs/Desktop/spelliovb/.build/xcode/SourcePackages/checkouts/swift-numerics/Sources/_NumericsShims/include -Xcc -I/Users/lvanbeirs/Desktop/spelliovb/.build/xcode/SourcePackages/checkouts/mlx-swift/Source/cLogSupport/include -Xcc -I/Users/lvanbeirs/Desktop/spelliovb/.build/xcode/SourcePackages/checkouts/mlx-swift/Source/Cmlx/include -Xcc -I/Users/lvanbeirs/Desktop/spelliovb/.build/xcode/SourcePackages/checkouts/yyjson/src -Xcc -I/Users/lvanbeirs/Desktop/spelliovb/.build/xcode/Build/Products/Release/include -Xcc -I/Users/lvanbeirs/Desktop/spelliovb/.build/xcode/Build/Intermediates.noindex/OpenSpell.build/Release/OpenSpell-p.build/DerivedSources-normal/arm64 -Xcc -I/Users/lvanbeirs/Desktop/spelliovb/.build/xcode/Build/Intermediates.noindex/OpenSpell.build/Release/OpenSpell-p.build/DerivedSources/arm64 -Xcc -I/Users/lvanbeirs/Desktop/spelliovb/.build/xcode/Build/Intermediates.noindex/OpenSpell.build/Release/OpenSpell-p.build/DerivedSources -Xcc -DSWIFT_PACKAGE -working-directory /Users/lvanbeirs/Desktop/spelliovb/.swiftpm/xcode -no-emit-module-separately-wmo

SwiftCompile normal arm64 Compiling\ AppDelegate.swift,\ main.swift,\ AppSettings.swift,\ Bubble.swift,\ CorrectionEngine.swift,\ Diagnostics.swift,\ ForceTouchMonitor.swift,\ History.swift,\ HotKey.swift,\ Keychain.swift,\ TextAccess.swift,\ CorrectionPrompt.swift,\ GeminiClient.swift,\ HFDownloader.swift,\ LocalLLM.swift,\ ModelStore.swift,\ OpenRouterClient.swift,\ AboutSettingsView.swift,\ Components.swift,\ GeneralSettingsView.swift,\ HistoryView.swift,\ ModelsSettingsView.swift,\ SetupAssistantView.swift,\ ShortcutSettingsView.swift,\ TestSettingsView.swift,\ WindowManager.swift /Users/lvanbeirs/Desktop/spelliovb/Sources/OpenSpell/App/AppDelegate.swift /Users/lvanbeirs/Desktop/spelliovb/Sources/OpenSpell/App/main.swift /Users/lvanbeirs/Desktop/spelliovb/Sources/OpenSpell/Core/AppSettings.swift /Users/lvanbeirs/Desktop/spelliovb/Sources/OpenSpell/Core/Bubble.swift /Users/lvanbeirs/Desktop/spelliovb/Sources/OpenSpell/Core/CorrectionEngine.swift /Users/lvanbeirs/Desktop/spelliovb/Sources/OpenSpell/Core/Diagnostics.swift /Users/lvanbeirs/Desktop/spelliovb/Sources/OpenSpell/Core/ForceTouchMonitor.swift /Users/lvanbeirs/Desktop/spelliovb/Sources/OpenSpell/Core/History.swift /Users/lvanbeirs/Desktop/spelliovb/Sources/OpenSpell/Core/HotKey.swift /Users/lvanbeirs/Desktop/spelliovb/Sources/OpenSpell/Core/Keychain.swift /Users/lvanbeirs/Desktop/spelliovb/Sources/OpenSpell/Core/TextAccess.swift /Users/lvanbeirs/Desktop/spelliovb/Sources/OpenSpell/Models/CorrectionPrompt.swift /Users/lvanbeirs/Desktop/spelliovb/Sources/OpenSpell/Models/GeminiClient.swift /Users/lvanbeirs/Desktop/spelliovb/Sources/OpenSpell/Models/HFDownloader.swift /Users/lvanbeirs/Desktop/spelliovb/Sources/OpenSpell/Models/LocalLLM.swift /Users/lvanbeirs/Desktop/spelliovb/Sources/OpenSpell/Models/ModelStore.swift /Users/lvanbeirs/Desktop/spelliovb/Sources/OpenSpell/Models/OpenRouterClient.swift /Users/lvanbeirs/Desktop/spelliovb/Sources/OpenSpell/UI/AboutSettingsView.swift /Users/lvanbeirs/Desktop/spelliovb/Sources/OpenSpell/UI/Components.swift /Users/lvanbeirs/Desktop/spelliovb/Sources/OpenSpell/UI/GeneralSettingsView.swift /Users/lvanbeirs/Desktop/spelliovb/Sources/OpenSpell/UI/HistoryView.swift /Users/lvanbeirs/Desktop/spelliovb/Sources/OpenSpell/UI/ModelsSettingsView.swift /Users/lvanbeirs/Desktop/spelliovb/Sources/OpenSpell/UI/SetupAssistantView.swift /Users/lvanbeirs/Desktop/spelliovb/Sources/OpenSpell/UI/ShortcutSettingsView.swift /Users/lvanbeirs/Desktop/spelliovb/Sources/OpenSpell/UI/TestSettingsView.swift /Users/lvanbeirs/Desktop/spelliovb/Sources/OpenSpell/UI/WindowManager.swift /Applications/Xcode.app/Contents/Developer/Toolchains/XcodeDefault.xctoolchain/usr/lib/swift/macosx/prebuilt-modules/27.0/System.swiftmodule/arm64e-apple-macos.swiftmodule /Applications/Xcode.app/Contents/Developer/Toolchains/XcodeDefault.xctoolchain/usr/lib/swift/macosx/prebuilt-modules/27.0/QuartzCore.swiftmodule/arm64e-apple-macos.swiftmodule /Applications/Xcode.app/Contents/Developer/Toolchains/XcodeDefault.xctoolchain/usr/lib/swift/macosx/prebuilt-modules/27.0/Spatial.swiftmodule/arm64e-apple-macos.swiftmodule /Applications/Xcode.app/Contents/Developer/Toolchains/XcodeDefault.xctoolchain/usr/lib/swift/macosx/prebuilt-modules/27.0/CryptoKit.swiftmodule/arm64e-apple-macos.swiftmodule /Users/lvanbeirs/Desktop/spelliovb/.build/xcode/Build/Products/Release/Numerics.swiftmodule/arm64-apple-macos.swiftmodule /Applications/Xcode.app/Contents/Developer/Toolchains/XcodeDefault.xctoolchain/usr/lib/swift/macosx/prebuilt-modules/27.0/CoreVideo.swiftmodule/arm64e-apple-macos.swiftmodule /Users/lvanbeirs/Desktop/spelliovb/.build/xcode/Build/Products/Release/EventSource.swiftmodule/arm64-apple-macos.swiftmodule /Applications/Xcode.app/Contents/Developer/Toolchains/XcodeDefault.xctoolchain/usr/lib/swift/macosx/prebuilt-modules/27.0/AVFAudio.swiftmodule/arm64e-apple-macos.swiftmodule /Applications/Xcode.app/Contents/Developer/Toolchains/XcodeDefault.xctoolchain/usr/lib/swift/macosx/prebuilt-modules/27.0/VideoToolbox.swiftmodule/arm64e-apple-macos.swiftmodule /Applications/Xcode.app/Contents/Developer/Toolchains/XcodeDefault.xctoolchain/usr/lib/swift/macosx/prebuilt-modules/27.0/CoreGraphics.swiftmodule/arm64e-apple-macos.swiftmodule /Applications/Xcode.app/Contents/Developer/Toolchains/XcodeDefault.xctoolchain/usr/lib/swift/macosx/prebuilt-modules/27.0/MediaToolbox.swiftmodule/arm64e-apple-macos.swiftmodule /Applications/Xcode.app/Contents/Developer/Toolchains/XcodeDefault.xctoolchain/usr/lib/swift/macosx/prebuilt-modules/27.0/LocalAuthentication.swiftmodule/arm64e-apple-macos.swiftmodule /Applications/Xcode.app/Contents/Developer/Toolchains/XcodeDefault.xctoolchain/usr/lib/swift/macosx/prebuilt-modules/27.0/Foundation.swiftmodule/arm64e-apple-macos.swiftmodule /Applications/Xcode.app/Contents/Developer/Toolchains/XcodeDefault.xctoolchain/usr/lib/swift/macosx/prebuilt-modules/27.0/ImageIO.swiftmodule/arm64e-apple-macos.swiftmodule /Applications/Xcode.app/Contents/Developer/Toolchains/XcodeDefault.xctoolchain/usr/lib/swift/macosx/prebuilt-modules/27.0/Network.swiftmodule/arm64e-apple-macos.swiftmodule /Applications/Xcode.app/Contents/Developer/Toolchains/XcodeDefault.xctoolchain/usr/lib/swift/macosx/prebuilt-modules/27.0/AudioToolbox.swiftmodule/arm64e-apple-macos.swiftmodule /Applications/Xcode.app/Contents/Developer/Toolchains/XcodeDefault.xctoolchain/usr/lib/swift/macosx/prebuilt-modules/27.0/OSLog.swiftmodule/arm64e-apple-macos.swiftmodule /Applications/Xcode.app/Contents/Developer/Toolchains/XcodeDefault.xctoolchain/usr/lib/swift/macosx/prebuilt-modules/27.0/CoreFoundation.swiftmodule/arm64e-apple-macos.swiftmodule /Applications/Xcode.app/Contents/Developer/Toolchains/XcodeDefault.xctoolchain/usr/lib/swift/macosx/prebuilt-modules/27.0/IOKit.swiftmodule/arm64e-apple-macos.swiftmodule /Applications/Xcode.app/Contents/Developer/Toolchains/XcodeDefault.xctoolchain/usr/lib/swift/macosx/prebuilt-modules/27.0/CoreMedia.swiftmodule/arm64e-apple-macos.swiftmodule /Users/lvanbeirs/Desktop/spelliovb/.build/xcode/Build/Products/Release/MLXLMCommon.swiftmodule/arm64-apple-macos.swiftmodule /Applications/Xcode.app/Contents/Developer/Toolchains/XcodeDefault.xctoolchain/usr/lib/swift/macosx/prebuilt-modules/27.0/Metal.swiftmodule/arm64e-apple-macos.swiftmodule /Applications/Xcode.app/Contents/Developer/Toolchains/XcodeDefault.xctoolchain/usr/lib/swift/macosx/prebuilt-modules/27.0/ObjectiveC.swiftmodule/arm64e-apple-macos.swiftmodule /Users/lvanbeirs/Desktop/spelliovb/.build/xcode/Build/Products/Release/Tokenizers.swiftmodule/arm64-apple-macos.swiftmodule /Applications/Xcode.app/Contents/Developer/Toolchains/XcodeDefault.xctoolchain/usr/lib/swift/macosx/prebuilt-modules/27.0/_DarwinFoundation1.swiftmodule/arm64e-apple-macos.swiftmodule /Applications/Xcode.app/Contents/Developer/Toolchains/XcodeDefault.xctoolchain/usr/lib/swift/macosx/prebuilt-modules/27.0/Synchronization.swiftmodule/arm64e-apple-macos.swiftmodule /Users/lvanbeirs/Desktop/spelliovb/.build/xcode/Build/Products/Release/ComplexModule.swiftmodule/arm64-apple-macos.swiftmodule /Applications/Xcode.app/Contents/Developer/Toolchains/XcodeDefault.xctoolchain/usr/lib/swift/macosx/prebuilt-modules/27.0/_DarwinFoundation3.swiftmodule/arm64e-apple-macos.swiftmodule /Applications/Xcode.app/Contents/Developer/Toolchains/XcodeDefault.xctoolchain/usr/lib/swift/macosx/prebuilt-modules/27.0/CoreImage.swiftmodule/arm64e-apple-macos.swiftmodule /Applications/Xcode.app/Contents/Developer/Toolchains/XcodeDefault.xctoolchain/usr/lib/swift/macosx/prebuilt-modules/27.0/os.swiftmodule/arm64e-apple-macos.swiftmodule /Applications/Xcode.app/Contents/Developer/Toolchains/XcodeDefault.xctoolchain/usr/lib/swift/macosx/prebuilt-modules/27.0/Accessibility.swiftmodule/arm64e-apple-macos.swiftmodule /Applications/Xcode.app/Contents/Developer/Toolchains/XcodeDefault.xctoolchain/usr/lib/swift/macosx/prebuilt-modules/27.0/CoreTransferable.swiftmodule/arm64e-apple-macos.swiftmodule /Applications/Xcode.app/Contents/Developer/Toolchains/XcodeDefault.xctoolchain/usr/lib/swift/macosx/prebuilt-modules/27.0/SwiftUICore.swiftmodule/arm64e-apple-macos.swiftmodule /Applications/Xcode.app/Contents/Developer/Toolchains/XcodeDefault.xctoolchain/usr/lib/swift/macosx/prebuilt-modules/27.0/Dispatch.swiftmodule/arm64e-apple-macos.swiftmodule /Users/lvanbeirs/Desktop/spelliovb/.build/xcode/Build/Products/Release/MLXOptimizers.swiftmodule/arm64-apple-macos.swiftmodule /Users/lvanbeirs/Desktop/spelliovb/.build/xcode/Build/Products/Release/MLXLLM.swiftmodule/arm64-apple-macos.swiftmodule /Applications/Xcode.app/Contents/Developer/Toolchains/XcodeDefault.xctoolchain/usr/lib/swift/macosx/prebuilt-modules/27.0/CoreAudio.swiftmodule/arm64e-apple-macos.swiftmodule /Users/lvanbeirs/Desktop/spelliovb/.build/xcode/Build/Products/Release/HuggingFace.swiftmodule/arm64-apple-macos.swiftmodule /Users/lvanbeirs/Desktop/spelliovb/.build/xcode/Build/Products/Release/InternalCollectionsUtilities.swiftmodule/arm64-apple-macos.swiftmodule /Applications/Xcode.app/Contents/Developer/Toolchains/XcodeDefault.xctoolchain/usr/lib/swift/macosx/prebuilt-modules/27.0/Swift.swiftmodule/arm64e-apple-macos.swiftmodule /Applications/Xcode.app/Contents/Developer/Toolchains/XcodeDefault.xctoolchain/usr/lib/swift/macosx/prebuilt-modules/27.0/SwiftUI.swiftmodule/arm64e-apple-macos.swiftmodule /Users/lvanbeirs/Desktop/spelliovb/.build/xcode/Build/Products/Release/MLXNN.swiftmodule/arm64-apple-macos.swiftmodule /Applications/Xcode.app/Contents/Developer/Toolchains/XcodeDefault.xctoolchain/usr/lib/swift/macosx/prebuilt-modules/27.0/AVFoundation.swiftmodule/arm64e-apple-macos.swiftmodule /Applications/Xcode.app/Contents/Developer/Toolchains/XcodeDefault.xctoolchain/usr/lib/swift/macosx/prebuilt-modules/27.0/Darwin.swiftmodule/arm64e-apple-macos.swiftmodule /Applications/Xcode.app/Contents/Developer/Toolchains/XcodeDefault.xctoolchain/usr/lib/swift/macosx/prebuilt-modules/27.0/DataDetection.swiftmodule/arm64e-apple-macos.swiftmodule /Applications/Xcode.app/Contents/Developer/Toolchains/XcodeDefault.xctoolchain/usr/lib/swift/macosx/prebuilt-modules/27.0/Observation.swiftmodule/arm64e-apple-macos.swiftmodule /Applications/Xcode.app/Contents/Developer/Toolchains/XcodeDefault.xctoolchain/usr/lib/swift/macosx/prebuilt-modules/27.0/_DarwinFoundation2.swiftmodule/arm64e-apple-macos.swiftmodule /Applications/Xcode.app/Contents/Developer/Toolchains/XcodeDefault.xctoolchain/usr/lib/swift/macosx/prebuilt-modules/27.0/CoreText.swiftmodule/arm64e-apple-macos.swiftmodule /Users/lvanbeirs/Desktop/spelliovb/.build/xcode/Build/Products/Release/RealModule.swiftmodule/arm64-apple-macos.swiftmodule /Applications/Xcode.app/Contents/Developer/Toolchains/XcodeDefault.xctoolchain/usr/lib/swift/macosx/prebuilt-modules/27.0/_Builtin_float.swiftmodule/arm64e-apple-macos.swiftmodule /Applications/Xcode.app/Contents/Developer/Toolchains/XcodeDefault.xctoolchain/usr/lib/swift/macosx/prebuilt-modules/27.0/CoreData.swiftmodule/arm64e-apple-macos.swiftmodule /Applications/Xcode.app/Contents/Developer/Toolchains/XcodeDefault.xctoolchain/usr/lib/swift/macosx/prebuilt-modules/27.0/ColorSync.swiftmodule/arm64e-apple-macos.swiftmodule /Applications/Xcode.app/Contents/Developer/Toolchains/XcodeDefault.xctoolchain/usr/lib/swift/macosx/prebuilt-modules/27.0/simd.swiftmodule/arm64e-apple-macos.swiftmodule /Applications/Xcode.app/Contents/Developer/Toolchains/XcodeDefault.xctoolchain/usr/lib/swift/macosx/prebuilt-modules/27.0/Combine.swiftmodule/arm64e-apple-macos.swiftmodule /Users/lvanbeirs/Desktop/spelliovb/.build/xcode/Build/Products/Release/Hub.swiftmodule/arm64-apple-macos.swiftmodule /Applications/Xcode.app/Contents/Developer/Toolchains/XcodeDefault.xctoolchain/usr/lib/swift/macosx/prebuilt-modules/27.0/Distributed.swiftmodule/arm64e-apple-macos.swiftmodule /Applications/Xcode.app/Contents/Developer/Toolchains/XcodeDefault.xctoolchain/usr/lib/swift/macosx/prebuilt-modules/27.0/RegexBuilder.swiftmodule/arm64e-apple-macos.swiftmodule /Applications/Xcode.app/Contents/Developer/Toolchains/XcodeDefault.xctoolchain/usr/lib/swift/macosx/prebuilt-modules/27.0/_Concurrency.swiftmodule/arm64e-apple-macos.swiftmodule /Users/lvanbeirs/Desktop/spelliovb/.build/xcode/Build/Products/Release/Jinja.swiftmodule/arm64-apple-macos.swiftmodule /Users/lvanbeirs/Desktop/spelliovb/.build/xcode/Build/Products/Release/Crypto.swiftmodule/arm64-apple-macos.swiftmodule /Applications/Xcode.app/Contents/Developer/Toolchains/XcodeDefault.xctoolchain/usr/lib/swift/macosx/prebuilt-modules/27.0/CoreMIDI.swiftmodule/arm64e-apple-macos.swiftmodule /Applications/Xcode.app/Contents/Developer/Toolchains/XcodeDefault.xctoolchain/usr/lib/swift/macosx/prebuilt-modules/27.0/AppKit.swiftmodule/arm64e-apple-macos.swiftmodule /Applications/Xcode.app/Contents/Developer/Toolchains/XcodeDefault.xctoolchain/usr/lib/swift/macosx/prebuilt-modules/27.0/DeveloperToolsSupport.swiftmodule/arm64e-apple-macos.swiftmodule /Users/lvanbeirs/Desktop/spelliovb/.build/xcode/Build/Products/Release/MLX.swiftmodule/arm64-apple-macos.swiftmodule /Applications/Xcode.app/Contents/Developer/Toolchains/XcodeDefault.xctoolchain/usr/lib/swift/macosx/prebuilt-modules/27.0/UniformTypeIdentifiers.swiftmodule/arm64e-apple-macos.swiftmodule /Users/lvanbeirs/Desktop/spelliovb/.build/xcode/Build/Products/Release/OrderedCollections.swiftmodule/arm64-apple-macos.swiftmodule /Applications/Xcode.app/Contents/Developer/Toolchains/XcodeDefault.xctoolchain/usr/lib/swift/macosx/prebuilt-modules/27.0/XPC.swiftmodule/arm64e-apple-macos.swiftmodule /Applications/Xcode.app/Contents/Developer/Toolchains/XcodeDefault.xctoolchain/usr/lib/swift/macosx/prebuilt-modules/27.0/_StringProcessing.swiftmodule/arm64e-apple-macos.swiftmodule /Applications/Xcode.app/Contents/Developer/Toolchains/XcodeDefault.xctoolchain/usr/lib/swift/macosx/prebuilt-modules/27.0/Symbols.swiftmodule/arm64e-apple-macos.swiftmodule /Users/lvanbeirs/Desktop/spelliovb/.build/xcode/SDKExplicitPrecompiledModules/launch-56OJ114UD4SPDWSU4MAQMVII7.pcm /Users/lvanbeirs/Desktop/spelliovb/.build/xcode/SDKExplicitPrecompiledModules/_DarwinFoundation1-7I8NLA99CII5FBKCD9U3OMMWE.pcm /Users/lvanbeirs/Desktop/spelliovb/.build/xcode/SDKExplicitPrecompiledModules/DiskArbitration-69XZL7S1UOUDS20J9CWY3FF6B.pcm /Users/lvanbeirs/Desktop/spelliovb/.build/xcode/SDKExplicitPrecompiledModules/_Builtin_limits-F1GA0S8B95M9IIQ2BRUYRJ351.pcm /Users/lvanbeirs/Desktop/spelliovb/.build/xcode/SDKExplicitPrecompiledModules/CoreGraphics-BUJ3DSVR9MHDHKIYGKC29UPI2.pcm /Users/lvanbeirs/Desktop/spelliovb/.build/xcode/SDKExplicitPrecompiledModules/CoreMedia-ERRYA2VFMHOVYZVV1RQ3YAQLB.pcm /Users/lvanbeirs/Desktop/spelliovb/.build/xcode/SDKExplicitPrecompiledModules/_Builtin_stdbool-3EKJ4KCBFI6E8RGYHBKPCQ8MY.pcm /Users/lvanbeirs/Desktop/spelliovb/.build/xcode/SDKExplicitPrecompiledModules/CoreServices-8J3PHY0AQ11SUSSUIL462BP2B.pcm /Users/lvanbeirs/Desktop/spelliovb/.build/xcode/SDKExplicitPrecompiledModules/CoreFoundation-6IKEJALK3HDXW78XE0AYR8DOZ.pcm /Users/lvanbeirs/Desktop/spelliovb/.build/xcode/SDKExplicitPrecompiledModules/string_h-CK1S3DWQS3VG89JS51JW5U4VA.pcm /Users/lvanbeirs/Desktop/spelliovb/.build/xcode/SDKExplicitPrecompiledModules/CoreText-2A7H33ZWBV3HTYDBRSWDK6HJ9.pcm /Users/lvanbeirs/Desktop/spelliovb/.build/xcode/SDKExplicitPrecompiledModules/CoreMIDI-2I31WER3HSD479FDOGIH0037V.pcm /Users/lvanbeirs/Desktop/spelliovb/.build/xcode/SDKExplicitPrecompiledModules/ptrauth-3XH9TB55C8O0TWDFJ6H2YK7N8.pcm /Users/lvanbeirs/Desktop/spelliovb/.build/xcode/SDKExplicitPrecompiledModules/_DarwinFoundation2-BP0BU3277D462W8N6Y6BUS6JI.pcm /Users/lvanbeirs/Desktop/spelliovb/.build/xcode/SDKExplicitPrecompiledModules/Security-9BVO3TWKIGO2PJUEPGCPVWT44.pcm /Users/lvanbeirs/Desktop/spelliovb/.build/xcode/SDKExplicitPrecompiledModules/_Builtin_tgmath-DAWCISZFVXBJ5WBHMYZYLFWT9.pcm /Users/lvanbeirs/Desktop/spelliovb/.build/xcode/SDKExplicitPrecompiledModules/CUPS-ARXUEVWPQYLEYVGZ9UQO4HTP8.pcm /Users/lvanbeirs/Desktop/spelliovb/.build/xcode/SDKExplicitPrecompiledModules/Spatial-73KR3IXYHR7BUBKQQUXBQZGY7.pcm /Users/lvanbeirs/Desktop/spelliovb/.build/xcode/SDKExplicitPrecompiledModules/_Builtin_stdarg-BM4DTP9M5LKBF23W1OM8XTKCH.pcm /Users/lvanbeirs/Desktop/spelliovb/.build/xcode/SDKExplicitPrecompiledModules/CFNetwork-ARPCMR7EZIKCEGCYQNBOWC3L7.pcm /Users/lvanbeirs/Desktop/spelliovb/.build/xcode/SDKExplicitPrecompiledModules/SwiftUICore-4MALZWX8POCJA8SHKNMIY2ZA9.pcm /Users/lvanbeirs/Desktop/spelliovb/.build/xcode/SDKExplicitPrecompiledModules/AppKit-F30HT3OBT53AWKICHH7OZGC8T.pcm /Users/lvanbeirs/Desktop/spelliovb/.build/xcode/SDKExplicitPrecompiledModules/CoreVideo-BC54VUOI8XMNLPBXAWRICDUP2.pcm /Users/lvanbeirs/Desktop/spelliovb/.build/xcode/SDKExplicitPrecompiledModules/Symbols-66Q84VFP81J3V3Z5YCOBII473.pcm /Users/lvanbeirs/Desktop/spelliovb/.build/xcode/SDKExplicitPrecompiledModules/os_workgroup-CVAC7XMI1RSA9WM6YITPQW24U.pcm /Users/lvanbeirs/Desktop/spelliovb/.build/xcode/SDKExplicitPrecompiledModules/OSLog-4YCSH55A3M22Q6NCJR3W7HNR.pcm /Users/lvanbeirs/Desktop/spelliovb/.build/xcode/SDKExplicitPrecompiledModules/ServiceManagement-46RBWCVLOJHSOJTBG0G2UEH63.pcm /Users/lvanbeirs/Desktop/spelliovb/.build/xcode/SDKExplicitPrecompiledModules/libkern-AGTFV22RVWFL09RBQQFHSOQ9Z.pcm /Users/lvanbeirs/Desktop/spelliovb/.build/xcode/SDKExplicitPrecompiledModules/Carbon-8Y3SH1CBPQ1OIJQK9J3PNXOYM.pcm /Users/lvanbeirs/Desktop/spelliovb/.build/xcode/Build/Intermediates.noindex/SwiftExplicitPrecompiledModules/cLogSupport-654J8VPCCDT5V979W0QR5LH1V.pcm /Users/lvanbeirs/Desktop/spelliovb/.build/xcode/SDKExplicitPrecompiledModules/AudioToolbox-EJNCHBLK5MLA3IIMHQPWBW2YR.pcm /Users/lvanbeirs/Desktop/spelliovb/.build/xcode/Build/Intermediates.noindex/SwiftExplicitPrecompiledModules/yyjson-BL8GZA69M64A1NQNUS5MPKXYR.pcm /Users/lvanbeirs/Desktop/spelliovb/.build/xcode/SDKExplicitPrecompiledModules/_Builtin_stddef-AGZ0CI8E1IQZAFW5HZSQ913UW.pcm /Users/lvanbeirs/Desktop/spelliovb/.build/xcode/SDKExplicitPrecompiledModules/AVFAudio-K5NAWJEDVZ2RAMT3LPRZYMMY.pcm /Users/lvanbeirs/Desktop/spelliovb/.build/xcode/SDKExplicitPrecompiledModules/_DarwinFoundation3-EUULV1GDNOIA5YOVNIF8D3FL9.pcm /Users/lvanbeirs/Desktop/spelliovb/.build/xcode/SDKExplicitPrecompiledModules/_Builtin_stdint-3CQS3O9DHX4C8ONSCNVDF5ZBV.pcm /Users/lvanbeirs/Desktop/spelliovb/.build/xcode/SDKExplicitPrecompiledModules/_Builtin_float-8CN1I85S03SVEE2GS7ZYS2NZX.pcm /Users/lvanbeirs/Desktop/spelliovb/.build/xcode/SDKExplicitPrecompiledModules/Dispatch-2NWO2H6LAOGFAH5V68ZXJKIK1.pcm /Users/lvanbeirs/Desktop/spelliovb/.build/xcode/SDKExplicitPrecompiledModules/dnssd-CPCXX0S7K9DDM9OC56QZHLNG0.pcm /Users/lvanbeirs/Desktop/spelliovb/.build/xcode/SDKExplicitPrecompiledModules/_Builtin_inttypes-2JBU2QLFU161TY95NUUUTYNA1.pcm /Users/lvanbeirs/Desktop/spelliovb/.build/xcode/SDKExplicitPrecompiledModules/UniformTypeIdentifiers-6F4CKNCU2UEBAXW91F06IDJQH.pcm /Users/lvanbeirs/Desktop/spelliovb/.build/xcode/SDKExplicitPrecompiledModules/AVFoundation-3HJP3S5CBLADMY3AA101A4RJH.pcm /Users/lvanbeirs/Desktop/spelliovb/.build/xcode/SDKExplicitPrecompiledModules/CoreAudioTypes-CXUIY9XUJ4Y1V11ZWXUL243DT.pcm /Users/lvanbeirs/Desktop/spelliovb/.build/xcode/SDKExplicitPrecompiledModules/SwiftUI-F1PYJ624L7QQPDDRGGUBZ04V0.pcm /Users/lvanbeirs/Desktop/spelliovb/.build/xcode/SDKExplicitPrecompiledModules/XPC-5KCHT1YKEZM306VKVHCDWCMKH.pcm /Users/lvanbeirs/Desktop/spelliovb/.build/xcode/SDKExplicitPrecompiledModules/CoreImage-5T4GC9Z4AGW3HSFUD00V6MQNY.pcm /Users/lvanbeirs/Desktop/spelliovb/.build/xcode/SDKExplicitPrecompiledModules/os-BMDV0E74A6ALPU5L1I5JRI4NG.pcm /Users/lvanbeirs/Desktop/spelliovb/.build/xcode/SDKExplicitPrecompiledModules/ObjectiveC-5Z9MH0KTDQMT7GI7SOX6U8REA.pcm /Users/lvanbeirs/Desktop/spelliovb/.build/xcode/SDKExplicitPrecompiledModules/DeveloperToolsSupport-76SZ0MSBORQNJHF6QTRTA4UUX.pcm /Users/lvanbeirs/Desktop/spelliovb/.build/xcode/SDKExplicitPrecompiledModules/SwiftShims-6CZTJV35K0P74DZHF5V8RPO3V.pcm /Users/lvanbeirs/Desktop/spelliovb/.build/xcode/SDKExplicitPrecompiledModules/_Builtin_intrinsics-9UY8H6EZKPA5WAFB3RY7UIAKZ.pcm /Users/lvanbeirs/Desktop/spelliovb/.build/xcode/SDKExplicitPrecompiledModules/ImageIO-9YDELOTQ1DG6T687KYI4MEZZM.pcm /Users/lvanbeirs/Desktop/spelliovb/.build/xcode/SDKExplicitPrecompiledModules/ptrcheck-5J5NAAM8NDPL21YM5CZG1LDH.pcm /Users/lvanbeirs/Desktop/spelliovb/.build/xcode/SDKExplicitPrecompiledModules/LocalAuthentication-1MS9LBJS59WNMDURLJ3UYNL2H.pcm /Users/lvanbeirs/Desktop/spelliovb/.build/xcode/SDKExplicitPrecompiledModules/simd-40SVST6GYTZ6EQHXWWJODISBJ.pcm /Users/lvanbeirs/Desktop/spelliovb/.build/xcode/SDKExplicitPrecompiledModules/VideoToolbox-9RMS9NL6UU08TGSBNRDWU3M7E.pcm /Users/lvanbeirs/Desktop/spelliovb/.build/xcode/SDKExplicitPrecompiledModules/os_object-ACAFN5DZYQDHG2J2AM2YWM88U.pcm /Users/lvanbeirs/Desktop/spelliovb/.build/xcode/Build/Intermediates.noindex/SwiftExplicitPrecompiledModules/_NumericsShims-WDXC4VA4X9B18FJX6LRDIA1Z.pcm /Users/lvanbeirs/Desktop/spelliovb/.build/xcode/SDKExplicitPrecompiledModules/Metal-768L0S6CZC829KOO49BJQ86JU.pcm /Users/lvanbeirs/Desktop/spelliovb/.build/xcode/SDKExplicitPrecompiledModules/CoreTransferable-9K1OO75PVPNO0HB89VS11IE00.pcm /Users/lvanbeirs/Desktop/spelliovb/.build/xcode/SDKExplicitPrecompiledModules/Darwin-AQOL3H96K8738N6ZJGUGFOTUU.pcm /Users/lvanbeirs/Desktop/spelliovb/.build/xcode/SDKExplicitPrecompiledModules/CoreData-A2GKX6YRL5X8SRGT3T0ERXVFC.pcm /Users/lvanbeirs/Desktop/spelliovb/.build/xcode/SDKExplicitPrecompiledModules/IOSurface-84PFU5QI2ZBXL0CBF2GN2J1GS.pcm /Users/lvanbeirs/Desktop/spelliovb/.build/xcode/SDKExplicitPrecompiledModules/sys_types-7UTS91SUS0D92P2UJ0VV7UT11.pcm /Users/lvanbeirs/Desktop/spelliovb/.build/xcode/SDKExplicitPrecompiledModules/MachO-YC5KET8OAMA6QYQ129P9SI34.pcm /Users/lvanbeirs/Desktop/spelliovb/.build/xcode/SDKExplicitPrecompiledModules/_Builtin_stdatomic-6RBO0351F9OZ85E4UDEW2MU8Z.pcm /Users/lvanbeirs/Desktop/spelliovb/.build/xcode/SDKExplicitPrecompiledModules/ColorSync-43IK6DHLVGZU8T8BTGHCVQKXG.pcm /Users/lvanbeirs/Desktop/spelliovb/.build/xcode/Build/Intermediates.noindex/SwiftExplicitPrecompiledModules/Cmlx-DD20OAPMEL0Y9ZUGB11AAMEGD.pcm /Users/lvanbeirs/Desktop/spelliovb/.build/xcode/SDKExplicitPrecompiledModules/_AvailabilityInternal-DU6GM8KZFGAWXX646Z3DKWJ8T.pcm /Users/lvanbeirs/Desktop/spelliovb/.build/xcode/SDKExplicitPrecompiledModules/OpenGL-EDOEU09Q4T81G2U80PUJI4T4U.pcm /Users/lvanbeirs/Desktop/spelliovb/.build/xcode/SDKExplicitPrecompiledModules/ApplicationServices-9BB1EQYFPO0YH57VLW8F8D9VF.pcm /Users/lvanbeirs/Desktop/spelliovb/.build/xcode/SDKExplicitPrecompiledModules/Network-8TCUNK5HR0M829D3RO2CQPMQT.pcm /Users/lvanbeirs/Desktop/spelliovb/.build/xcode/SDKExplicitPrecompiledModules/IOKit-6RQPVF9EBKDFIIC115BA6FUHW.pcm /Users/lvanbeirs/Desktop/spelliovb/.build/xcode/SDKExplicitPrecompiledModules/Foundation-4Q2DYFG2WGIT3M2HWPI6GMH5C.pcm /Users/lvanbeirs/Desktop/spelliovb/.build/xcode/SDKExplicitPrecompiledModules/CoreAudio-1Y7UA8QJ4RZ21N80J3P4GAPZ6.pcm /Users/lvanbeirs/Desktop/spelliovb/.build/xcode/SDKExplicitPrecompiledModules/MediaToolbox-52UU74Q702XCPJCD2EXB5ED0Z.pcm /Users/lvanbeirs/Desktop/spelliovb/.build/xcode/SDKExplicitPrecompiledModules/libDER-DGC61AUEC2ST4YU9FQI63E5LD.pcm /Users/lvanbeirs/Desktop/spelliovb/.build/xcode/SDKExplicitPrecompiledModules/DataDetection-DAGNB26EH6QP5ZTQCP554QBQ0.pcm /Users/lvanbeirs/Desktop/spelliovb/.build/xcode/SDKExplicitPrecompiledModules/_SwiftConcurrencyShims-A6KL5GA77IS2GV98JP0XXNJT0.pcm /Users/lvanbeirs/Desktop/spelliovb/.build/xcode/SDKExplicitPrecompiledModules/QuartzCore-41DK8001FD502OHDL8EEX5FXR.pcm /Users/lvanbeirs/Desktop/spelliovb/.build/xcode/SDKExplicitPrecompiledModules/Accessibility-5YPD5CS6AW8GE7WCX0NG4WR8E.pcm /Users/lvanbeirs/Desktop/spelliovb/.build/xcode/Build/Intermediates.noindex/OpenSpell.build/Release/OpenSpell-p.build/Objects-normal/arm64/OpenSpell-dependencies-1.json (in target 'OpenSpell-product' from project 'OpenSpell')
/Users/lvanbeirs/Desktop/spelliovb/Sources/OpenSpell/App/main.swift:17:31: warning: reference to captured var 'last' in concurrently-executing code; this is an error in the Swift 6 language mode [#SendableClosureCaptures]
15 |                 try await HFDownloader().download(repo: repo, to: dir) { p in
16 |                     let pct = Int(p * 100)
17 |                     if pct != last { last = pct; FileHandle.standardError.write("\rdownloading \(pct)%".data(using: .utf8)!) }
   |                               `- warning: reference to captured var 'last' in concurrently-executing code; this is an error in the Swift 6 language mode [#SendableClosureCaptures]
18 |                 }
19 |                 FileManager.default.createFile(atPath: dir.appending(path: ".complete").path, contents: Data())

/Users/lvanbeirs/Desktop/spelliovb/Sources/OpenSpell/App/main.swift:17:38: warning: mutation of captured var 'last' in concurrently-executing code; this is an error in the Swift 6 language mode [#SendableClosureCaptures]
15 |                 try await HFDownloader().download(repo: repo, to: dir) { p in
16 |                     let pct = Int(p * 100)
17 |                     if pct != last { last = pct; FileHandle.standardError.write("\rdownloading \(pct)%".data(using: .utf8)!) }
   |                                      `- warning: mutation of captured var 'last' in concurrently-executing code; this is an error in the Swift 6 language mode [#SendableClosureCaptures]
18 |                 }
19 |                 FileManager.default.createFile(atPath: dir.appending(path: ".complete").path, contents: Data())

/Users/lvanbeirs/Desktop/spelliovb/Sources/OpenSpell/Models/HFDownloader.swift:148:18: warning: instance method 'lock' is unavailable from asynchronous contexts; Use async-safe scoped locking instead; this is an error in the Swift 6 language mode
146 |                                           target: target, size: file.size, sha256: file.sha256,
147 |                                           name: file.path, counter: counter)
148 |             lock.lock(); activeChunked.append(job); let wasCancelled = cancelled; lock.unlock()
    |                  `- warning: instance method 'lock' is unavailable from asynchronous contexts; Use async-safe scoped locking instead; this is an error in the Swift 6 language mode
149 |             if wasCancelled { job.cancel() }
150 |             try await job.run()

/Applications/Xcode.app/Contents/Developer/Platforms/MacOSX.platform/Developer/SDKs/MacOSX27.0.sdk/System/Library/Frameworks/Foundation.framework/Headers/NSLock.h:15:1: note: 'lock()' declared here
 13 | 
 14 | /// Attempts to acquire a lock, blocking a thread's execution until the lock can be acquired.
 15 | - (void)lock NS_SWIFT_UNAVAILABLE_FROM_ASYNC("Use async-safe scoped locking instead");
    | `- note: 'lock()' declared here
 16 | 
 17 | /// Relinquishes a previously acquired lock.

/Users/lvanbeirs/Desktop/spelliovb/Sources/OpenSpell/Models/HFDownloader.swift:148:88: warning: instance method 'unlock' is unavailable from asynchronous contexts; Use async-safe scoped locking instead; this is an error in the Swift 6 language mode
146 |                                           target: target, size: file.size, sha256: file.sha256,
147 |                                           name: file.path, counter: counter)
148 |             lock.lock(); activeChunked.append(job); let wasCancelled = cancelled; lock.unlock()
    |                                                                                        `- warning: instance method 'unlock' is unavailable from asynchronous contexts; Use async-safe scoped locking instead; this is an error in the Swift 6 language mode
149 |             if wasCancelled { job.cancel() }
150 |             try await job.run()

/Applications/Xcode.app/Contents/Developer/Platforms/MacOSX.platform/Developer/SDKs/MacOSX27.0.sdk/System/Library/Frameworks/Foundation.framework/Headers/NSLock.h:18:1: note: 'unlock()' declared here
 16 | 
 17 | /// Relinquishes a previously acquired lock.
 18 | - (void)unlock NS_SWIFT_UNAVAILABLE_FROM_ASYNC("Use async-safe scoped locking instead");
    | `- note: 'unlock()' declared here
 19 | 
 20 | @end

/Users/lvanbeirs/Desktop/spelliovb/Sources/OpenSpell/Models/HFDownloader.swift:151:18: warning: instance method 'lock' is unavailable from asynchronous contexts; Use async-safe scoped locking instead; this is an error in the Swift 6 language mode
149 |             if wasCancelled { job.cancel() }
150 |             try await job.run()
151 |             lock.lock(); activeChunked.removeAll { $0 === job }; lock.unlock()
    |                  `- warning: instance method 'lock' is unavailable from asynchronous contexts; Use async-safe scoped locking instead; this is an error in the Swift 6 language mode
152 |         }
153 |         progress(1)

/Applications/Xcode.app/Contents/Developer/Platforms/MacOSX.platform/Developer/SDKs/MacOSX27.0.sdk/System/Library/Frameworks/Foundation.framework/Headers/NSLock.h:15:1: note: 'lock()' declared here
 13 | 
 14 | /// Attempts to acquire a lock, blocking a thread's execution until the lock can be acquired.
 15 | - (void)lock NS_SWIFT_UNAVAILABLE_FROM_ASYNC("Use async-safe scoped locking instead");
    | `- note: 'lock()' declared here
 16 | 
 17 | /// Relinquishes a previously acquired lock.

/Users/lvanbeirs/Desktop/spelliovb/Sources/OpenSpell/Models/HFDownloader.swift:151:71: warning: instance method 'unlock' is unavailable from asynchronous contexts; Use async-safe scoped locking instead; this is an error in the Swift 6 language mode
149 |             if wasCancelled { job.cancel() }
150 |             try await job.run()
151 |             lock.lock(); activeChunked.removeAll { $0 === job }; lock.unlock()
    |                                                                       `- warning: instance method 'unlock' is unavailable from asynchronous contexts; Use async-safe scoped locking instead; this is an error in the Swift 6 language mode
152 |         }
153 |         progress(1)

/Applications/Xcode.app/Contents/Developer/Platforms/MacOSX.platform/Developer/SDKs/MacOSX27.0.sdk/System/Library/Frameworks/Foundation.framework/Headers/NSLock.h:18:1: note: 'unlock()' declared here
 16 | 
 17 | /// Relinquishes a previously acquired lock.
 18 | - (void)unlock NS_SWIFT_UNAVAILABLE_FROM_ASYNC("Use async-safe scoped locking instead");
    | `- note: 'unlock()' declared here
 19 | 
 20 | @end

/Users/lvanbeirs/Desktop/spelliovb/Sources/OpenSpell/Models/HFDownloader.swift:295:14: warning: instance method 'lock' is unavailable from asynchronous contexts; Use async-safe scoped locking instead; this is an error in the Swift 6 language mode
293 |         let opened = open(partial.path, O_RDWR)
294 |         guard opened >= 0 else { throw CocoaError(.fileWriteUnknown) }
295 |         lock.lock(); fd = opened; lock.unlock()
    |              `- warning: instance method 'lock' is unavailable from asynchronous contexts; Use async-safe scoped locking instead; this is an error in the Swift 6 language mode
296 |         defer {
297 |             // Late delegate callbacks check fd under the lock, so they can't write after this.

/Applications/Xcode.app/Contents/Developer/Platforms/MacOSX.platform/Developer/SDKs/MacOSX27.0.sdk/System/Library/Frameworks/Foundation.framework/Headers/NSLock.h:15:1: note: 'lock()' declared here
 13 | 
 14 | /// Attempts to acquire a lock, blocking a thread's execution until the lock can be acquired.
 15 | - (void)lock NS_SWIFT_UNAVAILABLE_FROM_ASYNC("Use async-safe scoped locking instead");
    | `- note: 'lock()' declared here
 16 | 
 17 | /// Relinquishes a previously acquired lock.

/Users/lvanbeirs/Desktop/spelliovb/Sources/OpenSpell/Models/HFDownloader.swift:295:40: warning: instance method 'unlock' is unavailable from asynchronous contexts; Use async-safe scoped locking instead; this is an error in the Swift 6 language mode
293 |         let opened = open(partial.path, O_RDWR)
294 |         guard opened >= 0 else { throw CocoaError(.fileWriteUnknown) }
295 |         lock.lock(); fd = opened; lock.unlock()
    |                                        `- warning: instance method 'unlock' is unavailable from asynchronous contexts; Use async-safe scoped locking instead; this is an error in the Swift 6 language mode
296 |         defer {
297 |             // Late delegate callbacks check fd under the lock, so they can't write after this.

/Applications/Xcode.app/Contents/Developer/Platforms/MacOSX.platform/Developer/SDKs/MacOSX27.0.sdk/System/Library/Frameworks/Foundation.framework/Headers/NSLock.h:18:1: note: 'unlock()' declared here
 16 | 
 17 | /// Relinquishes a previously acquired lock.
 18 | - (void)unlock NS_SWIFT_UNAVAILABLE_FROM_ASYNC("Use async-safe scoped locking instead");
    | `- note: 'unlock()' declared here
 19 | 
 20 | @end

/Users/lvanbeirs/Desktop/spelliovb/Sources/OpenSpell/Models/HFDownloader.swift:298:18: warning: instance method 'lock' is unavailable from asynchronous contexts; Use async-safe scoped locking instead; this is an error in the Swift 6 language mode
296 |         defer {
297 |             // Late delegate callbacks check fd under the lock, so they can't write after this.
298 |             lock.lock(); fd = -1; lock.unlock()
    |                  `- warning: instance method 'lock' is unavailable from asynchronous contexts; Use async-safe scoped locking instead; this is an error in the Swift 6 language mode
299 |             close(opened)
300 |         }

/Applications/Xcode.app/Contents/Developer/Platforms/MacOSX.platform/Developer/SDKs/MacOSX27.0.sdk/System/Library/Frameworks/Foundation.framework/Headers/NSLock.h:15:1: note: 'lock()' declared here
 13 | 
 14 | /// Attempts to acquire a lock, blocking a thread's execution until the lock can be acquired.
 15 | - (void)lock NS_SWIFT_UNAVAILABLE_FROM_ASYNC("Use async-safe scoped locking instead");
    | `- note: 'lock()' declared here
 16 | 
 17 | /// Relinquishes a previously acquired lock.


SwiftCompile normal arm64 (in target 'OpenSpell-product' from project 'OpenSpell')
    cd /Users/lvanbeirs/Desktop/spelliovb/.swiftpm/xcode
    

/Users/lvanbeirs/Desktop/spelliovb/Sources/OpenSpell/Models/HFDownloader.swift:298:40: warning: instance method 'unlock' is unavailable from asynchronous contexts; Use async-safe scoped locking instead; this is an error in the Swift 6 language mode
296 |         defer {
297 |             // Late delegate callbacks check fd under the lock, so they can't write after this.
298 |             lock.lock(); fd = -1; lock.unlock()
    |                                        `- warning: instance method 'unlock' is unavailable from asynchronous contexts; Use async-safe scoped locking instead; this is an error in the Swift 6 language mode
299 |             close(opened)
300 |         }

/Applications/Xcode.app/Contents/Developer/Platforms/MacOSX.platform/Developer/SDKs/MacOSX27.0.sdk/System/Library/Frameworks/Foundation.framework/Headers/NSLock.h:18:1: note: 'unlock()' declared here
 16 | 
 17 | /// Relinquishes a previously acquired lock.
 18 | - (void)unlock NS_SWIFT_UNAVAILABLE_FROM_ASYNC("Use async-safe scoped locking instead");
    | `- note: 'unlock()' declared here
 19 | 
 20 | @end

/Users/lvanbeirs/Desktop/spelliovb/Sources/OpenSpell/Models/HFDownloader.swift:381:26: warning: instance method 'lock' is unavailable from asynchronous contexts; Use async-safe scoped locking instead; this is an error in the Swift 6 language mode
379 |                     attempt += 1
380 |                     if attempt >= 5 { throw error }
381 |                     lock.lock(); if let resume = resumeOffsets[chunk] { offset = resume }; lock.unlock()
    |                          `- warning: instance method 'lock' is unavailable from asynchronous contexts; Use async-safe scoped locking instead; this is an error in the Swift 6 language mode
382 |                     // Signed CDN links can expire on very long downloads — refresh on auth errors.
383 |                     if case HFDownloadError.http(let code, _) = error, code == 403 || code == 410 {

/Applications/Xcode.app/Contents/Developer/Platforms/MacOSX.platform/Developer/SDKs/MacOSX27.0.sdk/System/Library/Frameworks/Foundation.framework/Headers/NSLock.h:15:1: note: 'lock()' declared here
 13 | 
 14 | /// Attempts to acquire a lock, blocking a thread's execution until the lock can be acquired.
 15 | - (void)lock NS_SWIFT_UNAVAILABLE_FROM_ASYNC("Use async-safe scoped locking instead");
    | `- note: 'lock()' declared here
 16 | 
 17 | /// Relinquishes a previously acquired lock.

/Users/lvanbeirs/Desktop/spelliovb/Sources/OpenSpell/Models/HFDownloader.swift:381:97: warning: instance method 'unlock' is unavailable from asynchronous contexts; Use async-safe scoped locking instead; this is an error in the Swift 6 language mode
379 |                     attempt += 1
380 |                     if attempt >= 5 { throw error }
381 |                     lock.lock(); if let resume = resumeOffsets[chunk] { offset = resume }; lock.unlock()
    |                                                                                                 `- warning: instance method 'unlock' is unavailable from asynchronous contexts; Use async-safe scoped locking instead; this is an error in the Swift 6 language mode
382 |                     // Signed CDN links can expire on very long downloads — refresh on auth errors.
383 |                     if case HFDownloadError.http(let code, _) = error, code == 403 || code == 410 {

/Applications/Xcode.app/Contents/Developer/Platforms/MacOSX.platform/Developer/SDKs/MacOSX27.0.sdk/System/Library/Frameworks/Foundation.framework/Headers/NSLock.h:18:1: note: 'unlock()' declared here
 16 | 
 17 | /// Relinquishes a previously acquired lock.
 18 | - (void)unlock NS_SWIFT_UNAVAILABLE_FROM_ASYNC("Use async-safe scoped locking instead");
    | `- note: 'unlock()' declared here
 19 | 
 20 | @end

/Users/lvanbeirs/Desktop/spelliovb/Sources/OpenSpell/Models/HFDownloader.swift:384:71: warning: instance method 'lock' is unavailable from asynchronous contexts; Use async-safe scoped locking instead; this is an error in the Swift 6 language mode
382 |                     // Signed CDN links can expire on very long downloads — refresh on auth errors.
383 |                     if case HFDownloadError.http(let code, _) = error, code == 403 || code == 410 {
384 |                         if let fresh = try? await resolveCDN() { lock.lock(); resolvedURL = fresh; lock.unlock() }
    |                                                                       `- warning: instance method 'lock' is unavailable from asynchronous contexts; Use async-safe scoped locking instead; this is an error in the Swift 6 language mode
385 |                     }
386 |                     try await Task.sleep(for: .seconds(Double(attempt)))

/Applications/Xcode.app/Contents/Developer/Platforms/MacOSX.platform/Developer/SDKs/MacOSX27.0.sdk/System/Library/Frameworks/Foundation.framework/Headers/NSLock.h:15:1: note: 'lock()' declared here
 13 | 
 14 | /// Attempts to acquire a lock, blocking a thread's execution until the lock can be acquired.
 15 | - (void)lock NS_SWIFT_UNAVAILABLE_FROM_ASYNC("Use async-safe scoped locking instead");
    | `- note: 'lock()' declared here
 16 | 
 17 | /// Relinquishes a previously acquired lock.

/Users/lvanbeirs/Desktop/spelliovb/Sources/OpenSpell/Models/HFDownloader.swift:384:105: warning: instance method 'unlock' is unavailable from asynchronous contexts; Use async-safe scoped locking instead; this is an error in the Swift 6 language mode
382 |                     // Signed CDN links can expire on very long downloads — refresh on auth errors.
383 |                     if case HFDownloadError.http(let code, _) = error, code == 403 || code == 410 {
384 |                         if let fresh = try? await resolveCDN() { lock.lock(); resolvedURL = fresh; lock.unlock() }
    |                                                                                                         `- warning: instance method 'unlock' is unavailable from asynchronous contexts; Use async-safe scoped locking instead; this is an error in the Swift 6 language mode
385 |                     }
386 |                     try await Task.sleep(for: .seconds(Double(attempt)))

/Applications/Xcode.app/Contents/Developer/Platforms/MacOSX.platform/Developer/SDKs/MacOSX27.0.sdk/System/Library/Frameworks/Foundation.framework/Headers/NSLock.h:18:1: note: 'unlock()' declared here
 16 | 
 17 | /// Relinquishes a previously acquired lock.
 18 | - (void)unlock NS_SWIFT_UNAVAILABLE_FROM_ASYNC("Use async-safe scoped locking instead");
    | `- note: 'unlock()' declared here
 19 | 
 20 | @end

/Users/lvanbeirs/Desktop/spelliovb/Sources/OpenSpell/Models/HFDownloader.swift:396:14: warning: instance method 'lock' is unavailable from asynchronous contexts; Use async-safe scoped locking instead; this is an error in the Swift 6 language mode
394 |     /// already written stay counted and the retry continues from where it stopped.
395 |     private func fetch(chunk: Int, from: Int64, to: Int64, session: URLSession) async throws -> Int64 {
396 |         lock.lock(); let url = resolvedURL ?? source; lock.unlock()
    |              `- warning: instance method 'lock' is unavailable from asynchronous contexts; Use async-safe scoped locking instead; this is an error in the Swift 6 language mode
397 |         var request = URLRequest(url: url)
398 |         request.setValue("bytes=\(from)-\(to)", forHTTPHeaderField: "Range")

/Applications/Xcode.app/Contents/Developer/Platforms/MacOSX.platform/Developer/SDKs/MacOSX27.0.sdk/System/Library/Frameworks/Foundation.framework/Headers/NSLock.h:15:1: note: 'lock()' declared here
 13 | 
 14 | /// Attempts to acquire a lock, blocking a thread's execution until the lock can be acquired.
 15 | - (void)lock NS_SWIFT_UNAVAILABLE_FROM_ASYNC("Use async-safe scoped locking instead");
    | `- note: 'lock()' declared here
 16 | 
 17 | /// Relinquishes a previously acquired lock.

/Users/lvanbeirs/Desktop/spelliovb/Sources/OpenSpell/Models/HFDownloader.swift:396:60: warning: instance method 'unlock' is unavailable from asynchronous contexts; Use async-safe scoped locking instead; this is an error in the Swift 6 language mode
394 |     /// already written stay counted and the retry continues from where it stopped.
395 |     private func fetch(chunk: Int, from: Int64, to: Int64, session: URLSession) async throws -> Int64 {
396 |         lock.lock(); let url = resolvedURL ?? source; lock.unlock()
    |                                                            `- warning: instance method 'unlock' is unavailable from asynchronous contexts; Use async-safe scoped locking instead; this is an error in the Swift 6 language mode
397 |         var request = URLRequest(url: url)
398 |         request.setValue("bytes=\(from)-\(to)", forHTTPHeaderField: "Range")

/Applications/Xcode.app/Contents/Developer/Platforms/MacOSX.platform/Developer/SDKs/MacOSX27.0.sdk/System/Library/Frameworks/Foundation.framework/Headers/NSLock.h:18:1: note: 'unlock()' declared here
 16 | 
 17 | /// Relinquishes a previously acquired lock.
 18 | - (void)unlock NS_SWIFT_UNAVAILABLE_FROM_ASYNC("Use async-safe scoped locking instead");
    | `- note: 'unlock()' declared here
 19 | 
 20 | @end

[#SendableClosureCaptures]: <https://docs.swift.org/compiler/documentation/diagnostics/sendable-closure-captures>
SwiftDriver\ Compilation OpenSpell normal arm64 com.apple.xcode.tools.swift.compiler (in target 'OpenSpell-product' from project 'OpenSpell')
    cd /Users/lvanbeirs/Desktop/spelliovb/.swiftpm/xcode
    builtin-Swift-Compilation -- /Applications/Xcode.app/Contents/Developer/Toolchains/XcodeDefault.xctoolchain/usr/bin/swiftc -module-name OpenSpell -O -whole-module-optimization @/Users/lvanbeirs/Desktop/spelliovb/.build/xcode/Build/Intermediates.noindex/OpenSpell.build/Release/OpenSpell-p.build/Objects-normal/arm64/OpenSpell.SwiftFileList -DSWIFT_PACKAGE -Xcc -fmodule-map-file\=/Users/lvanbeirs/Desktop/spelliovb/.build/xcode/SourcePackages/checkouts/swift-numerics/Sources/_NumericsShims/include/module.modulemap -Xcc -fmodule-map-file\=/Users/lvanbeirs/Desktop/spelliovb/.build/xcode/Build/Intermediates.noindex/GeneratedModuleMaps/cLogSupport.modulemap -Xcc -fmodule-map-file\=/Users/lvanbeirs/Desktop/spelliovb/.build/xcode/SourcePackages/checkouts/mlx-swift/Source/Cmlx/include/module.modulemap -Xcc -fmodule-map-file\=/Users/lvanbeirs/Desktop/spelliovb/.build/xcode/Build/Intermediates.noindex/GeneratedModuleMaps/yyjson.modulemap -DXcode -plugin-path /Applications/Xcode.app/Contents/Developer/Toolchains/XcodeDefault.xctoolchain/usr/lib/swift/host/plugins/testing -enable-experimental-feature DebugDescriptionMacro -sdk /Applications/Xcode.app/Contents/Developer/Platforms/MacOSX.platform/Developer/SDKs/MacOSX27.0.sdk -target arm64-apple-macos15.0 -g -module-cache-path /Users/lvanbeirs/Desktop/spelliovb/.build/xcode/ModuleCache.noindex -Xfrontend -serialize-debugging-options -swift-version 5 -I /Users/lvanbeirs/Desktop/spelliovb/.build/xcode/Build/Products/Release -Isystem /Applications/Xcode.app/Contents/Developer/Platforms/MacOSX.platform/Developer/usr/lib -F /Users/lvanbeirs/Desktop/spelliovb/.build/xcode/Build/Products/Release/PackageFrameworks -F /Users/lvanbeirs/Desktop/spelliovb/.build/xcode/Build/Products/Release -F /Applications/Xcode.app/Contents/Developer/Platforms/MacOSX.platform/Developer/Library/Frameworks -c -num-threads 12 -Xcc -ivfsstatcache -Xcc /Users/lvanbeirs/Desktop/spelliovb/.build/xcode/SDKStatCaches.noindex/macosx27.0-26A425-e829b21a6f8c9b70876ba0858053c0447231f6df4def33e022ae2eb8f782df1a.sdkstatcache -output-file-map /Users/lvanbeirs/Desktop/spelliovb/.build/xcode/Build/Intermediates.noindex/OpenSpell.build/Release/OpenSpell-p.build/Objects-normal/arm64/OpenSpell-OutputFileMap.json -save-temps -no-color-diagnostics -explicit-module-build -module-cache-path /Users/lvanbeirs/Desktop/spelliovb/.build/xcode/Build/Intermediates.noindex/SwiftExplicitPrecompiledModules -clang-scanner-module-cache-path /Users/lvanbeirs/Desktop/spelliovb/.build/xcode/ModuleCache.noindex -sdk-module-cache-path /Users/lvanbeirs/Desktop/spelliovb/.build/xcode/SDKExplicitPrecompiledModules -emit-dependencies -emit-module -emit-module-path /Users/lvanbeirs/Desktop/spelliovb/.build/xcode/Build/Intermediates.noindex/OpenSpell.build/Release/OpenSpell-p.build/Objects-normal/arm64/OpenSpell.swiftmodule -serialize-diagnostics -dependency-scan-serialize-diagnostics-path /Users/lvanbeirs/Desktop/spelliovb/.build/xcode/Build/Intermediates.noindex/OpenSpell.build/Release/OpenSpell-p.build/Objects-normal/arm64/OpenSpell-dependency-scan.dia -validate-clang-modules-once -clang-build-session-file /Users/lvanbeirs/Desktop/spelliovb/.build/xcode/ModuleCache.noindex/Session.modulevalidation -Xcc -fmodules-prune-interval\=86400 -Xcc -fmodules-prune-after\=345600 -package-name spelliovb -emit-const-values -const-gather-protocols-list /Users/lvanbeirs/Desktop/spelliovb/.build/xcode/Build/Intermediates.noindex/OpenSpell.build/Release/OpenSpell-p.build/Objects-normal/arm64/OpenSpell_const_extract_protocols.json -Xcc -I/Users/lvanbeirs/Desktop/spelliovb/.build/xcode/SourcePackages/checkouts/swift-numerics/Sources/_NumericsShims/include -Xcc -I/Users/lvanbeirs/Desktop/spelliovb/.build/xcode/SourcePackages/checkouts/mlx-swift/Source/cLogSupport/include -Xcc -I/Users/lvanbeirs/Desktop/spelliovb/.build/xcode/SourcePackages/checkouts/mlx-swift/Source/Cmlx/include -Xcc -I/Users/lvanbeirs/Desktop/spelliovb/.build/xcode/SourcePackages/checkouts/yyjson/src -Xcc -I/Users/lvanbeirs/Desktop/spelliovb/.build/xcode/Build/Products/Release/include -Xcc -I/Users/lvanbeirs/Desktop/spelliovb/.build/xcode/Build/Intermediates.noindex/OpenSpell.build/Release/OpenSpell-p.build/DerivedSources-normal/arm64 -Xcc -I/Users/lvanbeirs/Desktop/spelliovb/.build/xcode/Build/Intermediates.noindex/OpenSpell.build/Release/OpenSpell-p.build/DerivedSources/arm64 -Xcc -I/Users/lvanbeirs/Desktop/spelliovb/.build/xcode/Build/Intermediates.noindex/OpenSpell.build/Release/OpenSpell-p.build/DerivedSources -Xcc -DSWIFT_PACKAGE -working-directory /Users/lvanbeirs/Desktop/spelliovb/.swiftpm/xcode -no-emit-module-separately-wmo

SwiftDriverJobDiscovery normal arm64 Compiling AppDelegate.swift, main.swift, AppSettings.swift, Bubble.swift, CorrectionEngine.swift, Diagnostics.swift, ForceTouchMonitor.swift, History.swift, HotKey.swift, Keychain.swift, TextAccess.swift, CorrectionPrompt.swift, GeminiClient.swift, HFDownloader.swift, LocalLLM.swift, ModelStore.swift, OpenRouterClient.swift, AboutSettingsView.swift, Components.swift, GeneralSettingsView.swift, HistoryView.swift, ModelsSettingsView.swift, SetupAssistantView.swift, ShortcutSettingsView.swift, TestSettingsView.swift, WindowManager.swift (in target 'OpenSpell-product' from project 'OpenSpell')

SwiftDriver\ Compilation\ Requirements OpenSpell normal arm64 com.apple.xcode.tools.swift.compiler (in target 'OpenSpell-product' from project 'OpenSpell')
    cd /Users/lvanbeirs/Desktop/spelliovb/.swiftpm/xcode
    builtin-Swift-Compilation-Requirements -- /Applications/Xcode.app/Contents/Developer/Toolchains/XcodeDefault.xctoolchain/usr/bin/swiftc -module-name OpenSpell -O -whole-module-optimization @/Users/lvanbeirs/Desktop/spelliovb/.build/xcode/Build/Intermediates.noindex/OpenSpell.build/Release/OpenSpell-p.build/Objects-normal/arm64/OpenSpell.SwiftFileList -DSWIFT_PACKAGE -Xcc -fmodule-map-file\=/Users/lvanbeirs/Desktop/spelliovb/.build/xcode/SourcePackages/checkouts/swift-numerics/Sources/_NumericsShims/include/module.modulemap -Xcc -fmodule-map-file\=/Users/lvanbeirs/Desktop/spelliovb/.build/xcode/Build/Intermediates.noindex/GeneratedModuleMaps/cLogSupport.modulemap -Xcc -fmodule-map-file\=/Users/lvanbeirs/Desktop/spelliovb/.build/xcode/SourcePackages/checkouts/mlx-swift/Source/Cmlx/include/module.modulemap -Xcc -fmodule-map-file\=/Users/lvanbeirs/Desktop/spelliovb/.build/xcode/Build/Intermediates.noindex/GeneratedModuleMaps/yyjson.modulemap -DXcode -plugin-path /Applications/Xcode.app/Contents/Developer/Toolchains/XcodeDefault.xctoolchain/usr/lib/swift/host/plugins/testing -enable-experimental-feature DebugDescriptionMacro -sdk /Applications/Xcode.app/Contents/Developer/Platforms/MacOSX.platform/Developer/SDKs/MacOSX27.0.sdk -target arm64-apple-macos15.0 -g -module-cache-path /Users/lvanbeirs/Desktop/spelliovb/.build/xcode/ModuleCache.noindex -Xfrontend -serialize-debugging-options -swift-version 5 -I /Users/lvanbeirs/Desktop/spelliovb/.build/xcode/Build/Products/Release -Isystem /Applications/Xcode.app/Contents/Developer/Platforms/MacOSX.platform/Developer/usr/lib -F /Users/lvanbeirs/Desktop/spelliovb/.build/xcode/Build/Products/Release/PackageFrameworks -F /Users/lvanbeirs/Desktop/spelliovb/.build/xcode/Build/Products/Release -F /Applications/Xcode.app/Contents/Developer/Platforms/MacOSX.platform/Developer/Library/Frameworks -c -num-threads 12 -Xcc -ivfsstatcache -Xcc /Users/lvanbeirs/Desktop/spelliovb/.build/xcode/SDKStatCaches.noindex/macosx27.0-26A425-e829b21a6f8c9b70876ba0858053c0447231f6df4def33e022ae2eb8f782df1a.sdkstatcache -output-file-map /Users/lvanbeirs/Desktop/spelliovb/.build/xcode/Build/Intermediates.noindex/OpenSpell.build/Release/OpenSpell-p.build/Objects-normal/arm64/OpenSpell-OutputFileMap.json -save-temps -no-color-diagnostics -explicit-module-build -module-cache-path /Users/lvanbeirs/Desktop/spelliovb/.build/xcode/Build/Intermediates.noindex/SwiftExplicitPrecompiledModules -clang-scanner-module-cache-path /Users/lvanbeirs/Desktop/spelliovb/.build/xcode/ModuleCache.noindex -sdk-module-cache-path /Users/lvanbeirs/Desktop/spelliovb/.build/xcode/SDKExplicitPrecompiledModules -emit-dependencies -emit-module -emit-module-path /Users/lvanbeirs/Desktop/spelliovb/.build/xcode/Build/Intermediates.noindex/OpenSpell.build/Release/OpenSpell-p.build/Objects-normal/arm64/OpenSpell.swiftmodule -serialize-diagnostics -dependency-scan-serialize-diagnostics-path /Users/lvanbeirs/Desktop/spelliovb/.build/xcode/Build/Intermediates.noindex/OpenSpell.build/Release/OpenSpell-p.build/Objects-normal/arm64/OpenSpell-dependency-scan.dia -validate-clang-modules-once -clang-build-session-file /Users/lvanbeirs/Desktop/spelliovb/.build/xcode/ModuleCache.noindex/Session.modulevalidation -Xcc -fmodules-prune-interval\=86400 -Xcc -fmodules-prune-after\=345600 -package-name spelliovb -emit-const-values -const-gather-protocols-list /Users/lvanbeirs/Desktop/spelliovb/.build/xcode/Build/Intermediates.noindex/OpenSpell.build/Release/OpenSpell-p.build/Objects-normal/arm64/OpenSpell_const_extract_protocols.json -Xcc -I/Users/lvanbeirs/Desktop/spelliovb/.build/xcode/SourcePackages/checkouts/swift-numerics/Sources/_NumericsShims/include -Xcc -I/Users/lvanbeirs/Desktop/spelliovb/.build/xcode/SourcePackages/checkouts/mlx-swift/Source/cLogSupport/include -Xcc -I/Users/lvanbeirs/Desktop/spelliovb/.build/xcode/SourcePackages/checkouts/mlx-swift/Source/Cmlx/include -Xcc -I/Users/lvanbeirs/Desktop/spelliovb/.build/xcode/SourcePackages/checkouts/yyjson/src -Xcc -I/Users/lvanbeirs/Desktop/spelliovb/.build/xcode/Build/Products/Release/include -Xcc -I/Users/lvanbeirs/Desktop/spelliovb/.build/xcode/Build/Intermediates.noindex/OpenSpell.build/Release/OpenSpell-p.build/DerivedSources-normal/arm64 -Xcc -I/Users/lvanbeirs/Desktop/spelliovb/.build/xcode/Build/Intermediates.noindex/OpenSpell.build/Release/OpenSpell-p.build/DerivedSources/arm64 -Xcc -I/Users/lvanbeirs/Desktop/spelliovb/.build/xcode/Build/Intermediates.noindex/OpenSpell.build/Release/OpenSpell-p.build/DerivedSources -Xcc -DSWIFT_PACKAGE -working-directory /Users/lvanbeirs/Desktop/spelliovb/.swiftpm/xcode -no-emit-module-separately-wmo

PruneExplicitPrecompiledModules /Users/lvanbeirs/Desktop/spelliovb/.build/xcode/Build/Intermediates.noindex/SwiftExplicitPrecompiledModules

PruneExplicitPrecompiledModules /Users/lvanbeirs/Desktop/spelliovb/.build/xcode/SDKExplicitPrecompiledModules

PruneExplicitPrecompiledModules /Users/lvanbeirs/Desktop/spelliovb/.build/xcode/Build/Intermediates.noindex/ExplicitPrecompiledModules

** BUILD SUCCEEDED **

